// Jest Snapshot v1, https://goo.gl/fbAQLP

exports[`It renders correctly 1`] = `
Array [
  <h2
    className="home-welcome"
  >
    Welcome to our page!
  </h2>,
  <p
    className="para-one"
  >
    Lorem, ipsum dolor sit amet consectetur adipisicing elit. Ullam magnam, magni autem cupiditate consequatur tempore temporibus quia ab perferendis laudantium eos voluptates sint, saepe ipsum reprehenderit impedit consectetur at veniam architecto, culpa alias voluptatum itaque? Sint aperiam, beatae explicabo quis totam amet. Nihil praesentium, velit exercitationem animi, ipsum quibusdam eveniet distinctio nobis repudiandae laudantium sunt dolorum aliquam? Eius, aliquam! Architecto maiores explicabo facilis? Ullam repellat cumque delectus incidunt? Nam quam tempora doloribus sit, velit corrupti natus quis mollitia exercitationem dicta amet nihil molestias consequuntur vel consectetur vero eaque quas.
  </p>,
  <p
    className="para-two"
  >
    Lorem, ipsum dolor sit amet consectetur adipisicing elit. Ullam magnam, magni autem cupiditate consequatur tempore temporibus quia ab perferendis laudantium eos voluptates sint, saepe ipsum reprehenderit impedit consectetur at veniam architecto, culpa alias voluptatum itaque? Sint aperiam, beatae explicabo quis totam amet. Nihil praesentium, velit exercitationem animi, ipsum quibusdam eveniet distinctio nobis repudiandae laudantium sunt dolorum aliquam? Eius, aliquam! Architecto maiores explicabo facilis? Ullam repellat cumque delectus incidunt? Nam quam tempora doloribus sit, velit corrupti natus quis mollitia exercitationem dicta amet nihil molestias consequuntur vel consectetur vero eaque quas.
  </p>,
]
`;
